------------------------------------------------------------
TimeQuest Timing Analyzer Summary
------------------------------------------------------------

Type  : Slow 1200mV 85C Model Setup 'clk_in'
Slack : -4.153
TNS   : -69.085

Type  : Slow 1200mV 85C Model Setup 'Clock_Divider:clock_divider_x|tmp'
Slack : -3.919
TNS   : -489.190

Type  : Slow 1200mV 85C Model Setup 'i_mem_enable'
Slack : -1.736
TNS   : -20.730

Type  : Slow 1200mV 85C Model Setup 'i_mem_enable_Y'
Slack : -0.577
TNS   : -1.151

Type  : Slow 1200mV 85C Model Setup 'i_mem_enable_X'
Slack : -0.348
TNS   : -0.656

Type  : Slow 1200mV 85C Model Hold 'Clock_Divider:clock_divider_x|tmp'
Slack : 0.403
TNS   : 0.000

Type  : Slow 1200mV 85C Model Hold 'clk_in'
Slack : 0.574
TNS   : 0.000

Type  : Slow 1200mV 85C Model Hold 'i_mem_enable_X'
Slack : 0.653
TNS   : 0.000

Type  : Slow 1200mV 85C Model Hold 'i_mem_enable_Y'
Slack : 0.910
TNS   : 0.000

Type  : Slow 1200mV 85C Model Hold 'i_mem_enable'
Slack : 1.328
TNS   : 0.000

Type  : Slow 1200mV 85C Model Minimum Pulse Width 'clk_in'
Slack : -3.000
TNS   : -49.260

Type  : Slow 1200mV 85C Model Minimum Pulse Width 'Clock_Divider:clock_divider_x|tmp'
Slack : -1.285
TNS   : -250.575

Type  : Slow 1200mV 85C Model Minimum Pulse Width 'i_mem_enable'
Slack : -1.285
TNS   : -17.990

Type  : Slow 1200mV 85C Model Minimum Pulse Width 'i_mem_enable_X'
Slack : -1.285
TNS   : -2.570

Type  : Slow 1200mV 85C Model Minimum Pulse Width 'i_mem_enable_Y'
Slack : -1.285
TNS   : -2.570

Type  : Slow 1200mV 0C Model Setup 'clk_in'
Slack : -3.759
TNS   : -58.439

Type  : Slow 1200mV 0C Model Setup 'Clock_Divider:clock_divider_x|tmp'
Slack : -3.497
TNS   : -431.143

Type  : Slow 1200mV 0C Model Setup 'i_mem_enable'
Slack : -1.495
TNS   : -17.586

Type  : Slow 1200mV 0C Model Setup 'i_mem_enable_Y'
Slack : -0.408
TNS   : -0.814

Type  : Slow 1200mV 0C Model Setup 'i_mem_enable_X'
Slack : -0.190
TNS   : -0.353

Type  : Slow 1200mV 0C Model Hold 'Clock_Divider:clock_divider_x|tmp'
Slack : 0.353
TNS   : 0.000

Type  : Slow 1200mV 0C Model Hold 'clk_in'
Slack : 0.526
TNS   : 0.000

Type  : Slow 1200mV 0C Model Hold 'i_mem_enable_X'
Slack : 0.583
TNS   : 0.000

Type  : Slow 1200mV 0C Model Hold 'i_mem_enable_Y'
Slack : 0.826
TNS   : 0.000

Type  : Slow 1200mV 0C Model Hold 'i_mem_enable'
Slack : 1.220
TNS   : 0.000

Type  : Slow 1200mV 0C Model Minimum Pulse Width 'clk_in'
Slack : -3.000
TNS   : -49.260

Type  : Slow 1200mV 0C Model Minimum Pulse Width 'Clock_Divider:clock_divider_x|tmp'
Slack : -1.285
TNS   : -250.575

Type  : Slow 1200mV 0C Model Minimum Pulse Width 'i_mem_enable'
Slack : -1.285
TNS   : -17.990

Type  : Slow 1200mV 0C Model Minimum Pulse Width 'i_mem_enable_X'
Slack : -1.285
TNS   : -2.570

Type  : Slow 1200mV 0C Model Minimum Pulse Width 'i_mem_enable_Y'
Slack : -1.285
TNS   : -2.570

Type  : Fast 1200mV 0C Model Setup 'clk_in'
Slack : -1.614
TNS   : -17.786

Type  : Fast 1200mV 0C Model Setup 'Clock_Divider:clock_divider_x|tmp'
Slack : -1.435
TNS   : -151.113

Type  : Fast 1200mV 0C Model Setup 'i_mem_enable'
Slack : -0.396
TNS   : -3.713

Type  : Fast 1200mV 0C Model Setup 'i_mem_enable_Y'
Slack : 0.161
TNS   : 0.000

Type  : Fast 1200mV 0C Model Setup 'i_mem_enable_X'
Slack : 0.290
TNS   : 0.000

Type  : Fast 1200mV 0C Model Hold 'Clock_Divider:clock_divider_x|tmp'
Slack : 0.165
TNS   : 0.000

Type  : Fast 1200mV 0C Model Hold 'clk_in'
Slack : 0.259
TNS   : 0.000

Type  : Fast 1200mV 0C Model Hold 'i_mem_enable_X'
Slack : 0.309
TNS   : 0.000

Type  : Fast 1200mV 0C Model Hold 'i_mem_enable_Y'
Slack : 0.435
TNS   : 0.000

Type  : Fast 1200mV 0C Model Hold 'i_mem_enable'
Slack : 0.661
TNS   : 0.000

Type  : Fast 1200mV 0C Model Minimum Pulse Width 'clk_in'
Slack : -3.000
TNS   : -41.218

Type  : Fast 1200mV 0C Model Minimum Pulse Width 'Clock_Divider:clock_divider_x|tmp'
Slack : -1.000
TNS   : -195.000

Type  : Fast 1200mV 0C Model Minimum Pulse Width 'i_mem_enable'
Slack : -1.000
TNS   : -14.000

Type  : Fast 1200mV 0C Model Minimum Pulse Width 'i_mem_enable_X'
Slack : -1.000
TNS   : -2.000

Type  : Fast 1200mV 0C Model Minimum Pulse Width 'i_mem_enable_Y'
Slack : -1.000
TNS   : -2.000

------------------------------------------------------------
