------------------------------------------------------------
Timing Analyzer Summary
------------------------------------------------------------

Type  : Slow 1200mV 85C Model Setup 'clk_in'
Slack : -4.056
TNS   : -68.292

Type  : Slow 1200mV 85C Model Setup 'Clock_Divider:clock_divider_x|tmp'
Slack : -3.836
TNS   : -438.538

Type  : Slow 1200mV 85C Model Setup 'i_mem_enable'
Slack : -1.223
TNS   : -15.423

Type  : Slow 1200mV 85C Model Setup 'i_mem_enable_Y'
Slack : -0.645
TNS   : -1.211

Type  : Slow 1200mV 85C Model Setup 'i_mem_enable_X'
Slack : -0.317
TNS   : -0.596

Type  : Slow 1200mV 85C Model Hold 'Clock_Divider:clock_divider_x|tmp'
Slack : 0.367
TNS   : 0.000

Type  : Slow 1200mV 85C Model Hold 'clk_in'
Slack : 0.436
TNS   : 0.000

Type  : Slow 1200mV 85C Model Hold 'i_mem_enable_X'
Slack : 0.671
TNS   : 0.000

Type  : Slow 1200mV 85C Model Hold 'i_mem_enable'
Slack : 0.754
TNS   : 0.000

Type  : Slow 1200mV 85C Model Hold 'i_mem_enable_Y'
Slack : 0.949
TNS   : 0.000

Type  : Slow 1200mV 85C Model Minimum Pulse Width 'clk_in'
Slack : -3.000
TNS   : -49.260

Type  : Slow 1200mV 85C Model Minimum Pulse Width 'Clock_Divider:clock_divider_x|tmp'
Slack : -1.285
TNS   : -250.575

Type  : Slow 1200mV 85C Model Minimum Pulse Width 'i_mem_enable'
Slack : -1.285
TNS   : -17.990

Type  : Slow 1200mV 85C Model Minimum Pulse Width 'i_mem_enable_X'
Slack : -1.285
TNS   : -2.570

Type  : Slow 1200mV 85C Model Minimum Pulse Width 'i_mem_enable_Y'
Slack : -1.285
TNS   : -2.570

Type  : Slow 1200mV 0C Model Setup 'clk_in'
Slack : -3.665
TNS   : -57.701

Type  : Slow 1200mV 0C Model Setup 'Clock_Divider:clock_divider_x|tmp'
Slack : -3.436
TNS   : -385.676

Type  : Slow 1200mV 0C Model Setup 'i_mem_enable'
Slack : -0.988
TNS   : -12.329

Type  : Slow 1200mV 0C Model Setup 'i_mem_enable_Y'
Slack : -0.510
TNS   : -0.925

Type  : Slow 1200mV 0C Model Setup 'i_mem_enable_X'
Slack : -0.168
TNS   : -0.311

Type  : Slow 1200mV 0C Model Hold 'Clock_Divider:clock_divider_x|tmp'
Slack : 0.344
TNS   : 0.000

Type  : Slow 1200mV 0C Model Hold 'clk_in'
Slack : 0.403
TNS   : 0.000

Type  : Slow 1200mV 0C Model Hold 'i_mem_enable_X'
Slack : 0.609
TNS   : 0.000

Type  : Slow 1200mV 0C Model Hold 'i_mem_enable'
Slack : 0.679
TNS   : 0.000

Type  : Slow 1200mV 0C Model Hold 'i_mem_enable_Y'
Slack : 0.875
TNS   : 0.000

Type  : Slow 1200mV 0C Model Minimum Pulse Width 'clk_in'
Slack : -3.000
TNS   : -49.260

Type  : Slow 1200mV 0C Model Minimum Pulse Width 'Clock_Divider:clock_divider_x|tmp'
Slack : -1.285
TNS   : -250.575

Type  : Slow 1200mV 0C Model Minimum Pulse Width 'i_mem_enable'
Slack : -1.285
TNS   : -17.990

Type  : Slow 1200mV 0C Model Minimum Pulse Width 'i_mem_enable_X'
Slack : -1.285
TNS   : -2.570

Type  : Slow 1200mV 0C Model Minimum Pulse Width 'i_mem_enable_Y'
Slack : -1.285
TNS   : -2.570

Type  : Fast 1200mV 0C Model Setup 'clk_in'
Slack : -1.580
TNS   : -17.448

Type  : Fast 1200mV 0C Model Setup 'Clock_Divider:clock_divider_x|tmp'
Slack : -1.479
TNS   : -122.981

Type  : Fast 1200mV 0C Model Setup 'i_mem_enable'
Slack : -0.173
TNS   : -1.437

Type  : Fast 1200mV 0C Model Setup 'i_mem_enable_Y'
Slack : 0.141
TNS   : 0.000

Type  : Fast 1200mV 0C Model Setup 'i_mem_enable_X'
Slack : 0.349
TNS   : 0.000

Type  : Fast 1200mV 0C Model Hold 'Clock_Divider:clock_divider_x|tmp'
Slack : 0.123
TNS   : 0.000

Type  : Fast 1200mV 0C Model Hold 'clk_in'
Slack : 0.191
TNS   : 0.000

Type  : Fast 1200mV 0C Model Hold 'i_mem_enable_X'
Slack : 0.279
TNS   : 0.000

Type  : Fast 1200mV 0C Model Hold 'i_mem_enable'
Slack : 0.344
TNS   : 0.000

Type  : Fast 1200mV 0C Model Hold 'i_mem_enable_Y'
Slack : 0.421
TNS   : 0.000

Type  : Fast 1200mV 0C Model Minimum Pulse Width 'clk_in'
Slack : -3.000
TNS   : -41.216

Type  : Fast 1200mV 0C Model Minimum Pulse Width 'Clock_Divider:clock_divider_x|tmp'
Slack : -1.000
TNS   : -195.000

Type  : Fast 1200mV 0C Model Minimum Pulse Width 'i_mem_enable'
Slack : -1.000
TNS   : -14.000

Type  : Fast 1200mV 0C Model Minimum Pulse Width 'i_mem_enable_X'
Slack : -1.000
TNS   : -2.000

Type  : Fast 1200mV 0C Model Minimum Pulse Width 'i_mem_enable_Y'
Slack : -1.000
TNS   : -2.000

------------------------------------------------------------
